PyTorch is available
Added Torch DLL directory to path: C:\Users\kvnni\AppData\Local\Packages\PythonSoftwareFoundation.Python.3.12_qbz5n2kfra8p0\LocalCache\local-packages\Python312\site-packages\torch\lib
Loaded 0 items from D:\CLG\AAS\APP\Attenda_V1 - Staff - Copy\backend\face_cache.json
Loaded settings from database: {'allow_any_network': False, 'college_ssid': '', 'enforce_geo_fence': True, 'enforce_app_geo_fence': True, 'enforce_vpn_blocking': True, 'profile_password': 'admin123', 'academic_settings': '{"academic_ranges": [{"start": "2026-07-01", "end": "2026-09-26"}], "holiday_overrides": {}}'}
Creating performance indexes...
Database indexes and materialized views created successfully
Initializing face recognition system...
Trying InsightFace buffalo_s...
GPU available, using GPU for face analysis
Applied providers: ['CUDAExecutionProvider', 'CPUExecutionProvider'], with options: {'CUDAExecutionProvider': {'device_id': '0', 'has_user_compute_stream': '0', 'cudnn_conv1d_pad_to_nc1d': '0', 'user_compute_stream': '0', 'gpu_external_alloc': '0', 'gpu_mem_limit': '18446744073709551615', 'enable_cuda_graph': '0', 'gpu_external_free': '0', 'gpu_external_empty_cache': '0', 'arena_extend_strategy': 'kNextPowerOfTwo', 'cudnn_conv_algo_search': 'EXHAUSTIVE', 'do_copy_in_default_stream': '1', 'cudnn_conv_use_max_workspace': '1', 'tunable_op_enable': '0', 'tunable_op_tuning_enable': '0', 'tunable_op_max_tuning_duration_ms': '0', 'enable_skip_layer_norm_strict_mode': '0', 'prefer_nhwc': '0', 'use_ep_level_unified_stream': '0', 'use_tf32': '1', 'sdpa_kernel': '0', 'fuse_conv_bias': '0'}, 'CPUExecutionProvider': {}}
find model: C:\Users\kvnni/.insightface\models\buffalo_s\1k3d68.onnx landmark_3d_68 ['None', 3, 192, 192] 0.0 1.0
Applied providers: ['CUDAExecutionProvider', 'CPUExecutionProvider'], with options: {'CUDAExecutionProvider': {'device_id': '0', 'has_user_compute_stream': '0', 'cudnn_conv1d_pad_to_nc1d': '0', 'user_compute_stream': '0', 'gpu_external_alloc': '0', 'gpu_mem_limit': '18446744073709551615', 'enable_cuda_graph': '0', 'gpu_external_free': '0', 'gpu_external_empty_cache': '0', 'arena_extend_strategy': 'kNextPowerOfTwo', 'cudnn_conv_algo_search': 'EXHAUSTIVE', 'do_copy_in_default_stream': '1', 'cudnn_conv_use_max_workspace': '1', 'tunable_op_enable': '0', 'tunable_op_tuning_enable': '0', 'tunable_op_max_tuning_duration_ms': '0', 'enable_skip_layer_norm_strict_mode': '0', 'prefer_nhwc': '0', 'use_ep_level_unified_stream': '0', 'use_tf32': '1', 'sdpa_kernel': '0', 'fuse_conv_bias': '0'}, 'CPUExecutionProvider': {}}
find model: C:\Users\kvnni/.insightface\models\buffalo_s\2d106det.onnx landmark_2d_106 ['None', 3, 192, 192] 0.0 1.0
Applied providers: ['CUDAExecutionProvider', 'CPUExecutionProvider'], with options: {'CUDAExecutionProvider': {'device_id': '0', 'has_user_compute_stream': '0', 'cudnn_conv1d_pad_to_nc1d': '0', 'user_compute_stream': '0', 'gpu_external_alloc': '0', 'gpu_mem_limit': '18446744073709551615', 'enable_cuda_graph': '0', 'gpu_external_free': '0', 'gpu_external_empty_cache': '0', 'arena_extend_strategy': 'kNextPowerOfTwo', 'cudnn_conv_algo_search': 'EXHAUSTIVE', 'do_copy_in_default_stream': '1', 'cudnn_conv_use_max_workspace': '1', 'tunable_op_enable': '0', 'tunable_op_tuning_enable': '0', 'tunable_op_max_tuning_duration_ms': '0', 'enable_skip_layer_norm_strict_mode': '0', 'prefer_nhwc': '0', 'use_ep_level_unified_stream': '0', 'use_tf32': '1', 'sdpa_kernel': '0', 'fuse_conv_bias': '0'}, 'CPUExecutionProvider': {}}
find model: C:\Users\kvnni/.insightface\models\buffalo_s\det_500m.onnx detection [1, 3, '?', '?'] 127.5 128.0
Applied providers: ['CUDAExecutionProvider', 'CPUExecutionProvider'], with options: {'CUDAExecutionProvider': {'device_id': '0', 'has_user_compute_stream': '0', 'cudnn_conv1d_pad_to_nc1d': '0', 'user_compute_stream': '0', 'gpu_external_alloc': '0', 'gpu_mem_limit': '18446744073709551615', 'enable_cuda_graph': '0', 'gpu_external_free': '0', 'gpu_external_empty_cache': '0', 'arena_extend_strategy': 'kNextPowerOfTwo', 'cudnn_conv_algo_search': 'EXHAUSTIVE', 'do_copy_in_default_stream': '1', 'cudnn_conv_use_max_workspace': '1', 'tunable_op_enable': '0', 'tunable_op_tuning_enable': '0', 'tunable_op_max_tuning_duration_ms': '0', 'enable_skip_layer_norm_strict_mode': '0', 'prefer_nhwc': '0', 'use_ep_level_unified_stream': '0', 'use_tf32': '1', 'sdpa_kernel': '0', 'fuse_conv_bias': '0'}, 'CPUExecutionProvider': {}}
find model: C:\Users\kvnni/.insightface\models\buffalo_s\genderage.onnx genderage ['None', 3, 96, 96] 0.0 1.0
Applied providers: ['CUDAExecutionProvider', 'CPUExecutionProvider'], with options: {'CUDAExecutionProvider': {'device_id': '0', 'has_user_compute_stream': '0', 'cudnn_conv1d_pad_to_nc1d': '0', 'user_compute_stream': '0', 'gpu_external_alloc': '0', 'gpu_mem_limit': '18446744073709551615', 'enable_cuda_graph': '0', 'gpu_external_free': '0', 'gpu_external_empty_cache': '0', 'arena_extend_strategy': 'kNextPowerOfTwo', 'cudnn_conv_algo_search': 'EXHAUSTIVE', 'do_copy_in_default_stream': '1', 'cudnn_conv_use_max_workspace': '1', 'tunable_op_enable': '0', 'tunable_op_tuning_enable': '0', 'tunable_op_max_tuning_duration_ms': '0', 'enable_skip_layer_norm_strict_mode': '0', 'prefer_nhwc': '0', 'use_ep_level_unified_stream': '0', 'use_tf32': '1', 'sdpa_kernel': '0', 'fuse_conv_bias': '0'}, 'CPUExecutionProvider': {}}
find model: C:\Users\kvnni/.insightface\models\buffalo_s\w600k_mbf.onnx recognition ['None', 3, 112, 112] 127.5 127.5
set det-size: (640, 640)
Face recognition model warmed up successfully
InsightFace initialized successfully!
Note: Face embeddings will be generated from actual camera images
============================================================
Using INSIGHTFACE for face recognition!
This provides proper face embeddings for secure verification
============================================================
Face recognition system ready!
Warming up face embedding cache...
  Loaded 1 profiles from users
  Loaded 1 profiles from other_staff
  Pre-loaded samples for 1 users
Face embedding cache warmed: 1 users
Next daily face training scheduled at 2026-08-06T02:30:00
Starting sync of previous attendance records...
Found 3 dates with attendance data.
[1/3] Syncing records for 2026-07-29...
[AN] Auto absence marking done for 2026-07-29: 0 records updated.
[2/3] Syncing records for 2026-07-30...
Daily face training complete: updated 1 profiles
[AN] Auto absence marking done for 2026-07-30: 0 records updated.
[3/3] Syncing records for 2026-08-04...
  Loaded 1 profiles from users
  Loaded 1 profiles from other_staff
[AN] Auto absence marking done for 2026-08-04: 0 records updated.
Sync completed successfully.
